------------------------------------------------------------
TimeQuest Timing Analyzer Summary
------------------------------------------------------------

Type  : Slow 1200mV 85C Model Setup 'clk_in'
Slack : -2.684
TNS   : -41.159

Type  : Slow 1200mV 85C Model Setup 'my_pll:inst|clk_out'
Slack : -0.099
TNS   : -0.615

Type  : Slow 1200mV 85C Model Hold 'clk_in'
Slack : -0.132
TNS   : -0.132

Type  : Slow 1200mV 85C Model Hold 'my_pll:inst|clk_out'
Slack : 0.359
TNS   : 0.000

Type  : Slow 1200mV 85C Model Minimum Pulse Width 'clk_in'
Slack : -3.000
TNS   : -24.000

Type  : Slow 1200mV 85C Model Minimum Pulse Width 'my_pll:inst|clk_out'
Slack : -1.000
TNS   : -11.000

Type  : Slow 1200mV 0C Model Setup 'clk_in'
Slack : -2.350
TNS   : -34.799

Type  : Slow 1200mV 0C Model Setup 'my_pll:inst|clk_out'
Slack : 0.024
TNS   : 0.000

Type  : Slow 1200mV 0C Model Hold 'clk_in'
Slack : -0.168
TNS   : -0.168

Type  : Slow 1200mV 0C Model Hold 'my_pll:inst|clk_out'
Slack : 0.312
TNS   : 0.000

Type  : Slow 1200mV 0C Model Minimum Pulse Width 'clk_in'
Slack : -3.000
TNS   : -24.000

Type  : Slow 1200mV 0C Model Minimum Pulse Width 'my_pll:inst|clk_out'
Slack : -1.000
TNS   : -11.000

Type  : Fast 1200mV 0C Model Setup 'clk_in'
Slack : -1.072
TNS   : -13.842

Type  : Fast 1200mV 0C Model Setup 'my_pll:inst|clk_out'
Slack : 0.385
TNS   : 0.000

Type  : Fast 1200mV 0C Model Hold 'clk_in'
Slack : -0.169
TNS   : -0.169

Type  : Fast 1200mV 0C Model Hold 'my_pll:inst|clk_out'
Slack : 0.187
TNS   : 0.000

Type  : Fast 1200mV 0C Model Minimum Pulse Width 'clk_in'
Slack : -3.000
TNS   : -25.176

Type  : Fast 1200mV 0C Model Minimum Pulse Width 'my_pll:inst|clk_out'
Slack : -1.000
TNS   : -11.000

------------------------------------------------------------
